ARM Linker, 4.1 [Build 481] [Standard]

==============================================================================

Section Cross References

    main.o(.text) refers to etimer.o(.text) for etimer_set
    main.o(.text) refers to clock.o(.text) for clock_init
    main.o(.text) refers to process.o(.text) for process_init
    main.o(.text) refers to autostart.o(.text) for autostart_start
    main.o(.text) refers to main.o(.data) for on
    main.o(.text) refers to main.o(.bss) for et_on
    main.o(.text) refers to etimer.o(.data) for etimer_process
    main.o(.text) refers to main.o(.constdata) for autostart_processes
    main.o(.constdata) refers to main.o(.data) for led_on
    main.o(.data) refers to main.o(.conststring) for .conststring
    main.o(.data) refers to main.o(.text) for process_thread_led_on
    autostart.o(.text) refers to process.o(.text) for process_start
    etimer.o(.text) refers to clock.o(.text) for clock_time
    etimer.o(.text) refers to process.o(.text) for process_poll
    etimer.o(.text) refers to timer.o(.text) for timer_expired
    etimer.o(.text) refers to etimer.o(.data) for timerlist
    etimer.o(.text) refers to process.o(.data) for process_current
    etimer.o(.data) refers to etimer.o(.conststring) for .conststring
    etimer.o(.data) refers to etimer.o(.text) for process_thread_etimer_process
    process.o(.text) refers to process.o(.data) for lastevent
    process.o(.text) refers to process.o(.bss) for events
    timer.o(.text) refers to clock.o(.text) for clock_time
    clock.o(.text) refers to etimer.o(.text) for etimer_pending
    clock.o(.text) refers to aeabi_sdiv.o(.text) for __aeabi_uidivmod
    clock.o(.text) refers to clock.o(.data) for current_clock
    clock.o(.text) refers to system_stm32f0xx.o(.data) for SystemCoreClock
    system_stm32f0xx.o(.text) refers to aeabi_sdiv.o(.text) for __aeabi_uidivmod
    system_stm32f0xx.o(.text) refers to system_stm32f0xx.o(.data) for SystemCoreClock
    startup_stm32f030x8.o(STACK) refers (Special) to heapauxi.o(.text) for __use_two_region_memory
    startup_stm32f030x8.o(HEAP) refers (Special) to heapauxi.o(.text) for __use_two_region_memory
    startup_stm32f030x8.o(RESET) refers (Special) to heapauxi.o(.text) for __use_two_region_memory
    startup_stm32f030x8.o(RESET) refers to startup_stm32f030x8.o(STACK) for __initial_sp
    startup_stm32f030x8.o(RESET) refers to startup_stm32f030x8.o(.text) for Reset_Handler
    startup_stm32f030x8.o(RESET) refers to stm32f0xx_it.o(.text) for NMI_Handler
    startup_stm32f030x8.o(RESET) refers to clock.o(.text) for SysTick_Handler
    startup_stm32f030x8.o(.text) refers (Special) to heapauxi.o(.text) for __use_two_region_memory
    startup_stm32f030x8.o(.text) refers to system_stm32f0xx.o(.text) for SystemInit
    startup_stm32f030x8.o(.text) refers to __main.o(!!!main) for __main
    startup_stm32f030x8.o(.text) refers to startup_stm32f030x8.o(HEAP) for Heap_Mem
    startup_stm32f030x8.o(.text) refers to startup_stm32f030x8.o(STACK) for Stack_Mem
    stm32f0xx_gpio.o(.text) refers to stm32f0xx_rcc.o(.text) for RCC_AHBPeriphResetCmd
    stm32f0xx_rcc.o(.text) refers to aeabi_sdiv.o(.text) for __aeabi_uidivmod
    stm32f0xx_rcc.o(.text) refers to stm32f0xx_rcc.o(.data) for APBAHBPrescTable
    dev.o(.text) refers to stm32f0xx_rcc.o(.text) for RCC_AHBPeriphClockCmd
    dev.o(.text) refers to stm32f0xx_gpio.o(.text) for GPIO_Init
    dev.o(.text) refers to dev.o(.data) for GPIOS
    dev.o(.text) refers to dev.o(.constdata) for GPIO_RCC
    __main.o(!!!main) refers to rtentry.o(.ARM.Collect$$rtentry$$00000000) for __rt_entry
    rtentry.o(.ARM.Collect$$rtentry$$00000000) refers (Special) to rtentry2.o(.ARM.Collect$$rtentry$$0000000A) for __rt_entry_li
    rtentry.o(.ARM.Collect$$rtentry$$00000000) refers (Special) to rtentry2.o(.ARM.Collect$$rtentry$$0000000D) for __rt_entry_main
    rtentry.o(.ARM.Collect$$rtentry$$00000000) refers (Special) to rtentry2.o(.ARM.Collect$$rtentry$$0000000C) for __rt_entry_postli_1
    rtentry.o(.ARM.Collect$$rtentry$$00000000) refers (Special) to rtentry2.o(.ARM.Collect$$rtentry$$00000009) for __rt_entry_postsh_1
    rtentry.o(.ARM.Collect$$rtentry$$00000000) refers (Special) to rtentry2.o(.ARM.Collect$$rtentry$$00000002) for __rt_entry_presh_1
    rtentry.o(.ARM.Collect$$rtentry$$00000000) refers (Special) to rtentry4.o(.ARM.Collect$$rtentry$$00000004) for __rt_entry_sh
    rtentry.o(.ARM.exidx) refers (Special) to rtentry2.o(.ARM.Collect$$rtentry$$0000000A) for __rt_entry_li
    rtentry.o(.ARM.exidx) refers (Special) to rtentry2.o(.ARM.Collect$$rtentry$$0000000D) for __rt_entry_main
    rtentry.o(.ARM.exidx) refers (Special) to rtentry2.o(.ARM.Collect$$rtentry$$0000000C) for __rt_entry_postli_1
    rtentry.o(.ARM.exidx) refers (Special) to rtentry2.o(.ARM.Collect$$rtentry$$00000009) for __rt_entry_postsh_1
    rtentry.o(.ARM.exidx) refers (Special) to rtentry2.o(.ARM.Collect$$rtentry$$00000002) for __rt_entry_presh_1
    rtentry.o(.ARM.exidx) refers (Special) to rtentry4.o(.ARM.Collect$$rtentry$$00000004) for __rt_entry_sh
    rtentry.o(.ARM.exidx) refers to rtentry.o(.ARM.Collect$$rtentry$$00000000) for .ARM.Collect$$rtentry$$00000000
    aeabi_idiv0_sigfpe.o(.text) refers to rt_div0.o(.text) for __rt_div0
    rtentry2.o(.ARM.Collect$$rtentry$$00000008) refers to boardinit2.o(.text) for _platform_post_stackheap_init
    rtentry2.o(.ARM.Collect$$rtentry$$0000000A) refers to libinit.o(.ARM.Collect$$libinit$$00000000) for __rt_lib_init
    rtentry2.o(.ARM.Collect$$rtentry$$0000000B) refers to boardinit3.o(.text) for _platform_post_lib_init
    rtentry2.o(.ARM.Collect$$rtentry$$0000000D) refers to main.o(.text) for main
    rtentry2.o(.ARM.Collect$$rtentry$$0000000D) refers to exit.o(.text) for exit
    rtentry2.o(.ARM.exidx) refers to rtentry2.o(.ARM.Collect$$rtentry$$00000001) for .ARM.Collect$$rtentry$$00000001
    rtentry2.o(.ARM.exidx) refers to rtentry2.o(.ARM.Collect$$rtentry$$00000002) for .ARM.Collect$$rtentry$$00000002
    rtentry2.o(.ARM.exidx) refers to rtentry2.o(.ARM.Collect$$rtentry$$00000008) for .ARM.Collect$$rtentry$$00000008
    rtentry2.o(.ARM.exidx) refers to rtentry2.o(.ARM.Collect$$rtentry$$00000009) for .ARM.Collect$$rtentry$$00000009
    rtentry2.o(.ARM.exidx) refers to rtentry2.o(.ARM.Collect$$rtentry$$0000000A) for .ARM.Collect$$rtentry$$0000000A
    rtentry2.o(.ARM.exidx) refers to rtentry2.o(.ARM.Collect$$rtentry$$0000000B) for .ARM.Collect$$rtentry$$0000000B
    rtentry2.o(.ARM.exidx) refers to rtentry2.o(.ARM.Collect$$rtentry$$0000000C) for .ARM.Collect$$rtentry$$0000000C
    rtentry2.o(.ARM.exidx) refers to rtentry2.o(.ARM.Collect$$rtentry$$0000000D) for .ARM.Collect$$rtentry$$0000000D
    rtentry4.o(.ARM.Collect$$rtentry$$00000004) refers to sys_stackheap_outer.o(.text) for __user_setup_stackheap
    rtentry4.o(.ARM.exidx) refers to rtentry4.o(.ARM.Collect$$rtentry$$00000004) for .ARM.Collect$$rtentry$$00000004
    rt_div0.o(.text) refers to defsig_fpe_outer.o(.text) for __rt_SIGFPE
    sys_stackheap_outer.o(.text) refers to libspace.o(.text) for __user_perproc_libspace
    sys_stackheap_outer.o(.text) refers to startup_stm32f030x8.o(.text) for __user_initial_stackheap
    sys_stackheap_outer.o(__vectab_stack_and_reset_area) refers to tempstk.o(.text) for __temporary_stack_top
    sys_stackheap_outer.o(__vectab_stack_and_reset_area) refers to __main.o(!!!main) for __main
    exit.o(.text) refers to rtexit.o(.ARM.Collect$$rtexit$$00000000) for __rt_exit
    defsig_fpe_outer.o(.text) refers to defsig_fpe_inner.o(.text) for __rt_SIGFPE_inner
    defsig_fpe_outer.o(.text) refers to defsig_exit.o(.text) for __sig_exit
    defsig_fpe_formal.o(.text) refers to rt_raise.o(.text) for __rt_raise
    libinit.o(.ARM.Collect$$libinit$$00000000) refers (Special) to libinit2.o(.ARM.Collect$$libinit$$0000002A) for __rt_lib_init_alloca_1
    libinit.o(.ARM.Collect$$libinit$$00000000) refers (Special) to libinit2.o(.ARM.Collect$$libinit$$00000028) for __rt_lib_init_argv_1
    libinit.o(.ARM.Collect$$libinit$$00000000) refers (Special) to libinit2.o(.ARM.Collect$$libinit$$00000017) for __rt_lib_init_atexit_1
    libinit.o(.ARM.Collect$$libinit$$00000000) refers (Special) to libinit2.o(.ARM.Collect$$libinit$$0000001D) for __rt_lib_init_clock_1
    libinit.o(.ARM.Collect$$libinit$$00000000) refers (Special) to libinit2.o(.ARM.Collect$$libinit$$0000002E) for __rt_lib_init_cpp_1
    libinit.o(.ARM.Collect$$libinit$$00000000) refers (Special) to libinit2.o(.ARM.Collect$$libinit$$0000002C) for __rt_lib_init_exceptions_1
    libinit.o(.ARM.Collect$$libinit$$00000000) refers (Special) to libinit2.o(.ARM.Collect$$libinit$$0000001B) for __rt_lib_init_fp_trap_1
    libinit.o(.ARM.Collect$$libinit$$00000000) refers (Special) to libinit2.o(.ARM.Collect$$libinit$$0000001F) for __rt_lib_init_getenv_1
    libinit.o(.ARM.Collect$$libinit$$00000000) refers (Special) to libinit2.o(.ARM.Collect$$libinit$$00000006) for __rt_lib_init_heap_1
    libinit.o(.ARM.Collect$$libinit$$00000000) refers (Special) to libinit2.o(.ARM.Collect$$libinit$$0000000D) for __rt_lib_init_lc_collate_1
    libinit.o(.ARM.Collect$$libinit$$00000000) refers (Special) to libinit2.o(.ARM.Collect$$libinit$$0000000F) for __rt_lib_init_lc_ctype_1
    libinit.o(.ARM.Collect$$libinit$$00000000) refers (Special) to libinit2.o(.ARM.Collect$$libinit$$00000011) for __rt_lib_init_lc_monetary_1
    libinit.o(.ARM.Collect$$libinit$$00000000) refers (Special) to libinit2.o(.ARM.Collect$$libinit$$00000013) for __rt_lib_init_lc_numeric_1
    libinit.o(.ARM.Collect$$libinit$$00000000) refers (Special) to libinit2.o(.ARM.Collect$$libinit$$00000015) for __rt_lib_init_lc_time_1
    libinit.o(.ARM.Collect$$libinit$$00000000) refers (Special) to libinit2.o(.ARM.Collect$$libinit$$0000000A) for __rt_lib_init_rand_1
    libinit.o(.ARM.Collect$$libinit$$00000000) refers (Special) to libinit2.o(.ARM.Collect$$libinit$$0000002F) for __rt_lib_init_return
    libinit.o(.ARM.Collect$$libinit$$00000000) refers (Special) to libinit2.o(.ARM.Collect$$libinit$$00000019) for __rt_lib_init_signal_1
    libinit.o(.ARM.Collect$$libinit$$00000000) refers (Special) to libinit2.o(.ARM.Collect$$libinit$$00000021) for __rt_lib_init_stdio_1
    libinit.o(.ARM.Collect$$libinit$$00000000) refers (Special) to libinit2.o(.ARM.Collect$$libinit$$00000008) for __rt_lib_init_user_alloc_1
    libspace.o(.text) refers to libspace.o(.bss) for __libspace_start
    rtexit.o(.ARM.Collect$$rtexit$$00000000) refers (Special) to rtexit2.o(.ARM.Collect$$rtexit$$00000004) for __rt_exit_exit
    rtexit.o(.ARM.Collect$$rtexit$$00000000) refers (Special) to rtexit2.o(.ARM.Collect$$rtexit$$00000003) for __rt_exit_ls
    rtexit.o(.ARM.Collect$$rtexit$$00000000) refers (Special) to rtexit2.o(.ARM.Collect$$rtexit$$00000002) for __rt_exit_prels_1
    rtexit.o(.ARM.exidx) refers (Special) to rtexit2.o(.ARM.Collect$$rtexit$$00000004) for __rt_exit_exit
    rtexit.o(.ARM.exidx) refers (Special) to rtexit2.o(.ARM.Collect$$rtexit$$00000003) for __rt_exit_ls
    rtexit.o(.ARM.exidx) refers (Special) to rtexit2.o(.ARM.Collect$$rtexit$$00000002) for __rt_exit_prels_1
    rtexit.o(.ARM.exidx) refers to rtexit.o(.ARM.Collect$$rtexit$$00000000) for .ARM.Collect$$rtexit$$00000000
    rt_raise.o(.text) refers to __raise.o(.text) for __raise
    rt_raise.o(.text) refers to sys_exit.o(.text) for _sys_exit
    defsig_exit.o(.text) refers to sys_exit.o(.text) for _sys_exit
    defsig_fpe_inner.o(.text) refers to defsig_general.o(.text) for __default_signal_display
    libinit2.o(.ARM.Collect$$libinit$$0000000C) refers to libinit2.o(.ARM.Collect$$libinit$$0000000B) for .ARM.Collect$$libinit$$0000000B
    libinit2.o(.ARM.Collect$$libinit$$0000000E) refers to libinit2.o(.ARM.Collect$$libinit$$0000000B) for .ARM.Collect$$libinit$$0000000B
    libinit2.o(.ARM.Collect$$libinit$$00000010) refers to libinit2.o(.ARM.Collect$$libinit$$0000000B) for .ARM.Collect$$libinit$$0000000B
    libinit2.o(.ARM.Collect$$libinit$$00000012) refers to libinit2.o(.ARM.Collect$$libinit$$0000000B) for .ARM.Collect$$libinit$$0000000B
    libinit2.o(.ARM.Collect$$libinit$$00000014) refers to libinit2.o(.ARM.Collect$$libinit$$0000000B) for .ARM.Collect$$libinit$$0000000B
    libinit2.o(.ARM.Collect$$libinit$$00000022) refers to argv_veneer.o(.text) for __ARM_argv_veneer
    libinit2.o(.ARM.Collect$$libinit$$00000023) refers to argv_veneer.o(.text) for __ARM_argv_veneer
    sys_exit.o(.text) refers (Special) to use_no_semi.o(.text) for __I$use$semihosting
    rtexit2.o(.ARM.Collect$$rtexit$$00000003) refers to libshutdown.o(.ARM.Collect$$libshutdown$$00000000) for __rt_lib_shutdown
    rtexit2.o(.ARM.Collect$$rtexit$$00000004) refers to sys_exit.o(.text) for _sys_exit
    rtexit2.o(.ARM.exidx) refers to rtexit2.o(.ARM.Collect$$rtexit$$00000001) for .ARM.Collect$$rtexit$$00000001
    rtexit2.o(.ARM.exidx) refers to rtexit2.o(.ARM.Collect$$rtexit$$00000002) for .ARM.Collect$$rtexit$$00000002
    rtexit2.o(.ARM.exidx) refers to rtexit2.o(.ARM.Collect$$rtexit$$00000003) for .ARM.Collect$$rtexit$$00000003
    rtexit2.o(.ARM.exidx) refers to rtexit2.o(.ARM.Collect$$rtexit$$00000004) for .ARM.Collect$$rtexit$$00000004
    __raise.o(.text) refers to defsig.o(CL$$defsig) for __default_signal_handler
    defsig_general.o(.text) refers to sys_wrch.o(.text) for _ttywrch
    sys_wrch.o(.text) refers (Special) to use_no_semi.o(.text) for __I$use$semihosting
    defsig.o(CL$$defsig) refers to defsig_fpe_inner.o(.text) for __rt_SIGFPE_inner
    defsig.o(CL$$defsig) refers to defsig_rtmem_inner.o(.text) for __rt_SIGRTMEM_inner
    _get_argv_nomalloc.o(.text) refers (Special) to hrguard.o(.text) for __heap_region$guard
    _get_argv_nomalloc.o(.text) refers to defsig_rtmem_outer.o(.text) for __rt_SIGRTMEM
    _get_argv_nomalloc.o(.text) refers to sys_command.o(.text) for _sys_command_string
    libshutdown.o(.ARM.Collect$$libshutdown$$00000000) refers (Special) to libshutdown2.o(.ARM.Collect$$libshutdown$$00000006) for __rt_lib_shutdown_fp_trap_1
    libshutdown.o(.ARM.Collect$$libshutdown$$00000000) refers (Special) to libshutdown2.o(.ARM.Collect$$libshutdown$$0000000E) for __rt_lib_shutdown_heap_1
    libshutdown.o(.ARM.Collect$$libshutdown$$00000000) refers (Special) to libshutdown2.o(.ARM.Collect$$libshutdown$$0000000F) for __rt_lib_shutdown_return
    libshutdown.o(.ARM.Collect$$libshutdown$$00000000) refers (Special) to libshutdown2.o(.ARM.Collect$$libshutdown$$00000009) for __rt_lib_shutdown_signal_1
    libshutdown.o(.ARM.Collect$$libshutdown$$00000000) refers (Special) to libshutdown2.o(.ARM.Collect$$libshutdown$$00000003) for __rt_lib_shutdown_stdio_1
    libshutdown.o(.ARM.Collect$$libshutdown$$00000000) refers (Special) to libshutdown2.o(.ARM.Collect$$libshutdown$$0000000B) for __rt_lib_shutdown_user_alloc_1
    sys_command.o(.text) refers (Special) to use_no_semi.o(.text) for __I$use$semihosting
    defsig_abrt_inner.o(.text) refers to defsig_general.o(.text) for __default_signal_display
    defsig_rtred_inner.o(.text) refers to defsig_general.o(.text) for __default_signal_display
    defsig_rtmem_inner.o(.text) refers to defsig_general.o(.text) for __default_signal_display
    defsig_rtmem_outer.o(.text) refers to defsig_rtmem_inner.o(.text) for __rt_SIGRTMEM_inner
    defsig_rtmem_outer.o(.text) refers to defsig_exit.o(.text) for __sig_exit
    defsig_rtmem_formal.o(.text) refers to rt_raise.o(.text) for __rt_raise
    defsig_stak_inner.o(.text) refers to defsig_general.o(.text) for __default_signal_display
    defsig_pvfn_inner.o(.text) refers to defsig_general.o(.text) for __default_signal_display
    defsig_cppl_inner.o(.text) refers to defsig_general.o(.text) for __default_signal_display
    defsig_segv_inner.o(.text) refers to defsig_general.o(.text) for __default_signal_display
    defsig_other.o(.text) refers to defsig_general.o(.text) for __default_signal_display


==============================================================================

Removing Unused input sections from the image.

    Removing core_cm3.o(.emb_text), (32 bytes).
    Removing stm32f0xx_gpio.o(.text), (476 bytes).
    Removing stm32f0xx_rcc.o(.text), (1516 bytes).
    Removing stm32f0xx_rcc.o(.data), (16 bytes).
    Removing dev.o(.text), (132 bytes).
    Removing dev.o(.constdata), (24 bytes).
    Removing dev.o(.data), (24 bytes).
    Removing dev_config.o(.data), (25 bytes).
    Removing iic.o(.text), (2 bytes).

9 unused section(s) (total 2247 bytes) removed from the image.

==============================================================================

Image Symbol Table

    Local Symbols

    Symbol Name                              Value     Ov Type        Size  Object(Section)

    ../../angel/boardlib.s                   0x00000000   Number         0  boardinit3.o ABSOLUTE
    ../../angel/boardlib.s                   0x00000000   Number         0  boardshut.o ABSOLUTE
    ../../angel/boardlib.s                   0x00000000   Number         0  boardinit2.o ABSOLUTE
    ../../angel/boardlib.s                   0x00000000   Number         0  boardinit1.o ABSOLUTE
    ../../angel/handlers.s                   0x00000000   Number         0  __scatter_zi.o ABSOLUTE
    ../../angel/handlers.s                   0x00000000   Number         0  __scatter_copy.o ABSOLUTE
    ../../angel/kernel.s                     0x00000000   Number         0  rtentry4.o ABSOLUTE
    ../../angel/kernel.s                     0x00000000   Number         0  rtentry.o ABSOLUTE
    ../../angel/kernel.s                     0x00000000   Number         0  rtentry2.o ABSOLUTE
    ../../angel/kernel.s                     0x00000000   Number         0  rtexit2.o ABSOLUTE
    ../../angel/kernel.s                     0x00000000   Number         0  rtexit.o ABSOLUTE
    ../../angel/rt.s                         0x00000000   Number         0  rt_div0.o ABSOLUTE
    ../../angel/rt.s                         0x00000000   Number         0  aeabi_idiv0.o ABSOLUTE
    ../../angel/rt.s                         0x00000000   Number         0  aeabi_idiv0_sigfpe.o ABSOLUTE
    ../../angel/rt.s                         0x00000000   Number         0  rt_raise.o ABSOLUTE
    ../../angel/scatterp.s                   0x00000000   Number         0  __scatter.o ABSOLUTE
    ../../angel/startup.s                    0x00000000   Number         0  __main.o ABSOLUTE
    ../../angel/sys.s                        0x00000000   Number         0  sys_stackheap_outer.o ABSOLUTE
    ../../angel/sys.s                        0x00000000   Number         0  libspace.o ABSOLUTE
    ../../angel/sys.s                        0x00000000   Number         0  tempstk.o ABSOLUTE
    ../../angel/sys.s                        0x00000000   Number         0  use_no_semi.o ABSOLUTE
    ../../angel/sysapp.c                     0x00000000   Number         0  sys_exit.o ABSOLUTE
    ../../angel/sysapp.c                     0x00000000   Number         0  sys_wrch.o ABSOLUTE
    ../../angel/sysapp.c                     0x00000000   Number         0  sys_command.o ABSOLUTE
    ../../armsys.c                           0x00000000   Number         0  no_argv.o ABSOLUTE
    ../../armsys.c                           0x00000000   Number         0  _get_argv_nomalloc.o ABSOLUTE
    ../../armsys.c                           0x00000000   Number         0  argv_veneer.o ABSOLUTE
    ../../cfplib/fpinit.c                    0x00000000   Number         0  fpinit.o ABSOLUTE
    ../../division.s                         0x00000000   Number         0  aeabi_sdiv.o ABSOLUTE
    ../../division.s                         0x00000000   Number         0  aeabi_sdiv_div0.o ABSOLUTE
    ../../heapalloc.c                        0x00000000   Number         0  hrguard.o ABSOLUTE
    ../../heapaux.c                          0x00000000   Number         0  heapauxi.o ABSOLUTE
    ../../libinit.s                          0x00000000   Number         0  libshutdown.o ABSOLUTE
    ../../libinit.s                          0x00000000   Number         0  libinit2.o ABSOLUTE
    ../../libinit.s                          0x00000000   Number         0  libinit.o ABSOLUTE
    ../../libinit.s                          0x00000000   Number         0  libshutdown2.o ABSOLUTE
    ../../signal.c                           0x00000000   Number         0  defsig_rtmem_formal.o ABSOLUTE
    ../../signal.c                           0x00000000   Number         0  defsig_rtmem_outer.o ABSOLUTE
    ../../signal.c                           0x00000000   Number         0  defsig_rtmem_inner.o ABSOLUTE
    ../../signal.c                           0x00000000   Number         0  defsig_rtred_inner.o ABSOLUTE
    ../../signal.c                           0x00000000   Number         0  defsig_segv_inner.o ABSOLUTE
    ../../signal.c                           0x00000000   Number         0  __raise.o ABSOLUTE
    ../../signal.c                           0x00000000   Number         0  defsig_abrt_inner.o ABSOLUTE
    ../../signal.c                           0x00000000   Number         0  defsig_fpe_inner.o ABSOLUTE
    ../../signal.c                           0x00000000   Number         0  defsig_exit.o ABSOLUTE
    ../../signal.c                           0x00000000   Number         0  defsig_other.o ABSOLUTE
    ../../signal.c                           0x00000000   Number         0  defsig_cppl_inner.o ABSOLUTE
    ../../signal.c                           0x00000000   Number         0  defsig_fpe_formal.o ABSOLUTE
    ../../signal.c                           0x00000000   Number         0  defsig_fpe_outer.o ABSOLUTE
    ../../signal.c                           0x00000000   Number         0  defsig_pvfn_inner.o ABSOLUTE
    ../../signal.c                           0x00000000   Number         0  defsig_general.o ABSOLUTE
    ../../signal.c                           0x00000000   Number         0  defsig_stak_inner.o ABSOLUTE
    ../../signal.s                           0x00000000   Number         0  defsig.o ABSOLUTE
    ../../stdlib.c                           0x00000000   Number         0  exit.o ABSOLUTE
    ..\\cpu\\core_cm3.c                      0x00000000   Number         0  core_cm3.o ABSOLUTE
    ..\app\main.c                            0x00000000   Number         0  main.o ABSOLUTE
    ..\contiki\core\sys\autostart.c          0x00000000   Number         0  autostart.o ABSOLUTE
    ..\contiki\core\sys\etimer.c             0x00000000   Number         0  etimer.o ABSOLUTE
    ..\contiki\core\sys\process.c            0x00000000   Number         0  process.o ABSOLUTE
    ..\contiki\core\sys\timer.c              0x00000000   Number         0  timer.o ABSOLUTE
    ..\contiki\portable\clock.c              0x00000000   Number         0  clock.o ABSOLUTE
    ..\cpu\core_cm3.c                        0x00000000   Number         0  core_cm3.o ABSOLUTE
    ..\cpu\src\stm32f0xx_gpio.c              0x00000000   Number         0  stm32f0xx_gpio.o ABSOLUTE
    ..\cpu\src\stm32f0xx_rcc.c               0x00000000   Number         0  stm32f0xx_rcc.o ABSOLUTE
    ..\cpu\startup_stm32f030x8.s             0x00000000   Number         0  startup_stm32f030x8.o ABSOLUTE
    ..\cpu\stm32f0xx_it.c                    0x00000000   Number         0  stm32f0xx_it.o ABSOLUTE
    ..\cpu\system_stm32f0xx.c                0x00000000   Number         0  system_stm32f0xx.o ABSOLUTE
    ..\dev\74hc595.c                         0x00000000   Number         0  74hc595.o ABSOLUTE
    ..\dev\dev.c                             0x00000000   Number         0  dev.o ABSOLUTE
    ..\dev\dev_config.c                      0x00000000   Number         0  dev_config.o ABSOLUTE
    ..\dev\iic.c                             0x00000000   Number         0  iic.o ABSOLUTE
    ..\dev\ir.c                              0x00000000   Number         0  ir.o ABSOLUTE
    ..\dev\switch.c                          0x00000000   Number         0  switch.o ABSOLUTE
    ..\dev\uart.c                            0x00000000   Number         0  uart.o ABSOLUTE
    ..\lib\cbuffer.c                         0x00000000   Number         0  cbuffer.o ABSOLUTE
    ..\lib\lib.c                             0x00000000   Number         0  lib.o ABSOLUTE
    dc.s                                     0x00000000   Number         0  dc.o ABSOLUTE
    RESET                                    0x08000000   Section      192  startup_stm32f030x8.o(RESET)
    !!!main                                  0x080000c0   Section        8  __main.o(!!!main)
    !!!scatter                               0x080000c8   Section       60  __scatter.o(!!!scatter)
    !!handler_copy                           0x08000104   Section       26  __scatter_copy.o(!!handler_copy)
    !!handler_zi                             0x08000120   Section       28  __scatter_zi.o(!!handler_zi)
    .ARM.Collect$$libinit$$00000000          0x0800013c   Section        6  libinit.o(.ARM.Collect$$libinit$$00000000)
    .ARM.Collect$$libinit$$00000006          0x08000142   Section        0  libinit2.o(.ARM.Collect$$libinit$$00000006)
    .ARM.Collect$$libinit$$00000008          0x08000142   Section        0  libinit2.o(.ARM.Collect$$libinit$$00000008)
    .ARM.Collect$$libinit$$0000000A          0x08000142   Section        0  libinit2.o(.ARM.Collect$$libinit$$0000000A)
    .ARM.Collect$$libinit$$0000000D          0x08000142   Section        0  libinit2.o(.ARM.Collect$$libinit$$0000000D)
    .ARM.Collect$$libinit$$0000000F          0x08000142   Section        0  libinit2.o(.ARM.Collect$$libinit$$0000000F)
    .ARM.Collect$$libinit$$00000011          0x08000142   Section        0  libinit2.o(.ARM.Collect$$libinit$$00000011)
    .ARM.Collect$$libinit$$00000013          0x08000142   Section        0  libinit2.o(.ARM.Collect$$libinit$$00000013)
    .ARM.Collect$$libinit$$00000015          0x08000142   Section        0  libinit2.o(.ARM.Collect$$libinit$$00000015)
    .ARM.Collect$$libinit$$00000017          0x08000142   Section        0  libinit2.o(.ARM.Collect$$libinit$$00000017)
    .ARM.Collect$$libinit$$00000019          0x08000142   Section        0  libinit2.o(.ARM.Collect$$libinit$$00000019)
    .ARM.Collect$$libinit$$0000001B          0x08000142   Section        0  libinit2.o(.ARM.Collect$$libinit$$0000001B)
    .ARM.Collect$$libinit$$0000001D          0x08000142   Section        0  libinit2.o(.ARM.Collect$$libinit$$0000001D)
    .ARM.Collect$$libinit$$0000001F          0x08000142   Section        0  libinit2.o(.ARM.Collect$$libinit$$0000001F)
    .ARM.Collect$$libinit$$00000021          0x08000142   Section        0  libinit2.o(.ARM.Collect$$libinit$$00000021)
    .ARM.Collect$$libinit$$00000028          0x08000142   Section        0  libinit2.o(.ARM.Collect$$libinit$$00000028)
    .ARM.Collect$$libinit$$0000002A          0x08000142   Section        0  libinit2.o(.ARM.Collect$$libinit$$0000002A)
    .ARM.Collect$$libinit$$0000002C          0x08000142   Section        0  libinit2.o(.ARM.Collect$$libinit$$0000002C)
    .ARM.Collect$$libinit$$0000002E          0x08000142   Section        0  libinit2.o(.ARM.Collect$$libinit$$0000002E)
    .ARM.Collect$$libinit$$0000002F          0x08000142   Section        2  libinit2.o(.ARM.Collect$$libinit$$0000002F)
    .ARM.Collect$$libshutdown$$00000000      0x08000144   Section        2  libshutdown.o(.ARM.Collect$$libshutdown$$00000000)
    .ARM.Collect$$libshutdown$$00000003      0x08000146   Section        0  libshutdown2.o(.ARM.Collect$$libshutdown$$00000003)
    .ARM.Collect$$libshutdown$$00000006      0x08000146   Section        0  libshutdown2.o(.ARM.Collect$$libshutdown$$00000006)
    .ARM.Collect$$libshutdown$$00000009      0x08000146   Section        0  libshutdown2.o(.ARM.Collect$$libshutdown$$00000009)
    .ARM.Collect$$libshutdown$$0000000B      0x08000146   Section        0  libshutdown2.o(.ARM.Collect$$libshutdown$$0000000B)
    .ARM.Collect$$libshutdown$$0000000E      0x08000146   Section        0  libshutdown2.o(.ARM.Collect$$libshutdown$$0000000E)
    .ARM.Collect$$libshutdown$$0000000F      0x08000146   Section        2  libshutdown2.o(.ARM.Collect$$libshutdown$$0000000F)
    .ARM.Collect$$rtentry$$00000000          0x08000148   Section        0  rtentry.o(.ARM.Collect$$rtentry$$00000000)
    .ARM.Collect$$rtentry$$00000002          0x08000148   Section        0  rtentry2.o(.ARM.Collect$$rtentry$$00000002)
    .ARM.Collect$$rtentry$$00000004          0x08000148   Section        6  rtentry4.o(.ARM.Collect$$rtentry$$00000004)
    .ARM.Collect$$rtentry$$00000009          0x0800014e   Section        0  rtentry2.o(.ARM.Collect$$rtentry$$00000009)
    .ARM.Collect$$rtentry$$0000000A          0x0800014e   Section        4  rtentry2.o(.ARM.Collect$$rtentry$$0000000A)
    .ARM.Collect$$rtentry$$0000000C          0x08000152   Section        0  rtentry2.o(.ARM.Collect$$rtentry$$0000000C)
    .ARM.Collect$$rtentry$$0000000D          0x08000152   Section        8  rtentry2.o(.ARM.Collect$$rtentry$$0000000D)
    .ARM.Collect$$rtexit$$00000000           0x0800015a   Section        2  rtexit.o(.ARM.Collect$$rtexit$$00000000)
    .ARM.Collect$$rtexit$$00000002           0x0800015c   Section        0  rtexit2.o(.ARM.Collect$$rtexit$$00000002)
    .ARM.Collect$$rtexit$$00000003           0x0800015c   Section        4  rtexit2.o(.ARM.Collect$$rtexit$$00000003)
    .ARM.Collect$$rtexit$$00000004           0x08000160   Section        6  rtexit2.o(.ARM.Collect$$rtexit$$00000004)
    .text                                    0x08000168   Section        0  main.o(.text)
    process_thread_led_on                    0x08000169   Thumb Code    82  main.o(.text)
    process_thread_led_off                   0x080001bb   Thumb Code    82  main.o(.text)
    .text                                    0x08000258   Section        0  autostart.o(.text)
    .text                                    0x08000294   Section        0  etimer.o(.text)
    update_time                              0x08000295   Thumb Code    70  etimer.o(.text)
    process_thread_etimer_process            0x080002e5   Thumb Code   226  etimer.o(.text)
    add_timer                                0x080003c7   Thumb Code    66  etimer.o(.text)
    .text                                    0x080004ec   Section        0  process.o(.text)
    exit_process                             0x0800050d   Thumb Code   152  process.o(.text)
    call_process                             0x080005a5   Thumb Code    72  process.o(.text)
    do_poll                                  0x0800066f   Thumb Code    46  process.o(.text)
    do_event                                 0x0800069d   Thumb Code   194  process.o(.text)
    .text                                    0x08000834   Section        0  timer.o(.text)
    .text                                    0x08000888   Section        0  clock.o(.text)
    NVIC_SetPriority                         0x08000917   Thumb Code   110  clock.o(.text)
    .text                                    0x080009a4   Section        0  stm32f0xx_it.o(.text)
    .text                                    0x080009b4   Section        0  system_stm32f0xx.o(.text)
    SetSysClock                              0x080009b5   Thumb Code   120  system_stm32f0xx.o(.text)
    .text                                    0x08000b54   Section       56  startup_stm32f030x8.o(.text)
    .text                                    0x08000b8c   Section      346  aeabi_sdiv.o(.text)
    .text                                    0x08000ce6   Section        0  heapauxi.o(.text)
    .text                                    0x08000cec   Section       62  sys_stackheap_outer.o(.text)
    .text                                    0x08000d2a   Section        0  exit.o(.text)
    .text                                    0x08000d38   Section        8  libspace.o(.text)
    .text                                    0x08000d40   Section        0  sys_exit.o(.text)
    .text                                    0x08000d4c   Section        2  use_no_semi.o(.text)
    .constdata                               0x08000d50   Section       12  main.o(.constdata)
    .conststring                             0x08000d5c   Section       15  main.o(.conststring)
    .conststring                             0x08000d6b   Section       12  etimer.o(.conststring)
    .data                                    0x20000000   Section       44  main.o(.data)
    on                                       0x20000024   Data           4  main.o(.data)
    off                                      0x20000028   Data           4  main.o(.data)
    .data                                    0x2000002c   Section       24  etimer.o(.data)
    timerlist                                0x2000003c   Data           4  etimer.o(.data)
    next_expiration                          0x20000040   Data           4  etimer.o(.data)
    .data                                    0x20000044   Section       29  process.o(.data)
    ev                                       0x2000004c   Data           1  process.o(.data)
    data                                     0x20000050   Data           4  process.o(.data)
    receiver                                 0x20000054   Data           4  process.o(.data)
    p                                        0x20000058   Data           4  process.o(.data)
    snum                                     0x2000005c   Data           1  process.o(.data)
    lastevent                                0x2000005d   Data           1  process.o(.data)
    nevents                                  0x2000005e   Data           1  process.o(.data)
    fevent                                   0x2000005f   Data           1  process.o(.data)
    poll_requested                           0x20000060   Data           1  process.o(.data)
    .data                                    0x20000064   Section       12  clock.o(.data)
    current_clock                            0x20000064   Data           4  clock.o(.data)
    current_seconds                          0x20000068   Data           4  clock.o(.data)
    second_countdown                         0x2000006c   Data           4  clock.o(.data)
    .data                                    0x20000070   Section       20  system_stm32f0xx.o(.data)
    .bss                                     0x20000084   Section       32  main.o(.bss)
    et_on                                    0x20000084   Data          16  main.o(.bss)
    et_off                                   0x20000094   Data          16  main.o(.bss)
    .bss                                     0x200000a4   Section      384  process.o(.bss)
    events                                   0x200000a4   Data         384  process.o(.bss)
    .bss                                     0x20000224   Section       96  libspace.o(.bss)
    HEAP                                     0x20000288   Section      512  startup_stm32f030x8.o(HEAP)
    Heap_Mem                                 0x20000288   Data         512  startup_stm32f030x8.o(HEAP)
    STACK                                    0x20000488   Section     1024  startup_stm32f030x8.o(STACK)
    Stack_Mem                                0x20000488   Data        1024  startup_stm32f030x8.o(STACK)
    __initial_sp                             0x20000888   Data           0  startup_stm32f030x8.o(STACK)

    Global Symbols

    Symbol Name                              Value     Ov Type        Size  Object(Section)

    BuildAttributes$$THM_ISAv3M$S$PE$A:L22$X:L11$S22$IEEE1$IW$USESV6$~STKCKD$USESV7$~SHL$OSPACE$ROPI$EBA8$UX$STANDARDLIB$REQ8$PRES8$EABIv2 0x00000000   Number         0  anon$$obj.o ABSOLUTE
    __ARM_use_no_argv                        0x00000000   Number         0  main.o ABSOLUTE
    __ARM_exceptions_init                     - Undefined Weak Reference
    __alloca_initialize                       - Undefined Weak Reference
    __cpp_initialize__aeabi_                  - Undefined Weak Reference
    __cxa_finalize                            - Undefined Weak Reference
    __rt_locale                               - Undefined Weak Reference
    __sigvec_lookup                           - Undefined Weak Reference
    _atexit_init                              - Undefined Weak Reference
    _call_atexit_fns                          - Undefined Weak Reference
    _clock_init                               - Undefined Weak Reference
    _fp_trap_init                             - Undefined Weak Reference
    _fp_trap_shutdown                         - Undefined Weak Reference
    _get_lc_collate                           - Undefined Weak Reference
    _get_lc_ctype                             - Undefined Weak Reference
    _get_lc_monetary                          - Undefined Weak Reference
    _get_lc_numeric                           - Undefined Weak Reference
    _get_lc_time                              - Undefined Weak Reference
    _getenv_init                              - Undefined Weak Reference
    _handle_redirection                       - Undefined Weak Reference
    _init_alloc                               - Undefined Weak Reference
    _init_user_alloc                          - Undefined Weak Reference
    _initio                                   - Undefined Weak Reference
    _rand_init                                - Undefined Weak Reference
    _signal_finish                            - Undefined Weak Reference
    _signal_init                              - Undefined Weak Reference
    _terminate_alloc                          - Undefined Weak Reference
    _terminate_user_alloc                     - Undefined Weak Reference
    _terminateio                              - Undefined Weak Reference
    __Vectors_Size                           0x000000c0   Number         0  startup_stm32f030x8.o ABSOLUTE
    __Vectors                                0x08000000   Data           4  startup_stm32f030x8.o(RESET)
    __Vectors_End                            0x080000c0   Data           0  startup_stm32f030x8.o(RESET)
    __main                                   0x080000c1   Thumb Code     8  __main.o(!!!main)
    __scatterload                            0x080000c9   Thumb Code     0  __scatter.o(!!!scatter)
    __scatterload_rt2                        0x080000c9   Thumb Code    52  __scatter.o(!!!scatter)
    __scatterload_rt2_thumb_only             0x080000c9   Thumb Code     0  __scatter.o(!!!scatter)
    __scatterload_null                       0x080000d9   Thumb Code     0  __scatter.o(!!!scatter)
    __scatterload_copy                       0x08000105   Thumb Code    26  __scatter_copy.o(!!handler_copy)
    __scatterload_zeroinit                   0x08000121   Thumb Code    28  __scatter_zi.o(!!handler_zi)
    __rt_lib_init                            0x0800013d   Thumb Code     0  libinit.o(.ARM.Collect$$libinit$$00000000)
    __rt_lib_init_alloca_1                   0x08000143   Thumb Code     0  libinit2.o(.ARM.Collect$$libinit$$0000002A)
    __rt_lib_init_argv_1                     0x08000143   Thumb Code     0  libinit2.o(.ARM.Collect$$libinit$$00000028)
    __rt_lib_init_atexit_1                   0x08000143   Thumb Code     0  libinit2.o(.ARM.Collect$$libinit$$00000017)
    __rt_lib_init_clock_1                    0x08000143   Thumb Code     0  libinit2.o(.ARM.Collect$$libinit$$0000001D)
    __rt_lib_init_cpp_1                      0x08000143   Thumb Code     0  libinit2.o(.ARM.Collect$$libinit$$0000002E)
    __rt_lib_init_exceptions_1               0x08000143   Thumb Code     0  libinit2.o(.ARM.Collect$$libinit$$0000002C)
    __rt_lib_init_fp_trap_1                  0x08000143   Thumb Code     0  libinit2.o(.ARM.Collect$$libinit$$0000001B)
    __rt_lib_init_getenv_1                   0x08000143   Thumb Code     0  libinit2.o(.ARM.Collect$$libinit$$0000001F)
    __rt_lib_init_heap_1                     0x08000143   Thumb Code     0  libinit2.o(.ARM.Collect$$libinit$$00000006)
    __rt_lib_init_lc_collate_1               0x08000143   Thumb Code     0  libinit2.o(.ARM.Collect$$libinit$$0000000D)
    __rt_lib_init_lc_ctype_1                 0x08000143   Thumb Code     0  libinit2.o(.ARM.Collect$$libinit$$0000000F)
    __rt_lib_init_lc_monetary_1              0x08000143   Thumb Code     0  libinit2.o(.ARM.Collect$$libinit$$00000011)
    __rt_lib_init_lc_numeric_1               0x08000143   Thumb Code     0  libinit2.o(.ARM.Collect$$libinit$$00000013)
    __rt_lib_init_lc_time_1                  0x08000143   Thumb Code     0  libinit2.o(.ARM.Collect$$libinit$$00000015)
    __rt_lib_init_rand_1                     0x08000143   Thumb Code     0  libinit2.o(.ARM.Collect$$libinit$$0000000A)
    __rt_lib_init_return                     0x08000143   Thumb Code     0  libinit2.o(.ARM.Collect$$libinit$$0000002F)
    __rt_lib_init_signal_1                   0x08000143   Thumb Code     0  libinit2.o(.ARM.Collect$$libinit$$00000019)
    __rt_lib_init_stdio_1                    0x08000143   Thumb Code     0  libinit2.o(.ARM.Collect$$libinit$$00000021)
    __rt_lib_init_user_alloc_1               0x08000143   Thumb Code     0  libinit2.o(.ARM.Collect$$libinit$$00000008)
    __rt_lib_shutdown                        0x08000145   Thumb Code     0  libshutdown.o(.ARM.Collect$$libshutdown$$00000000)
    __rt_lib_shutdown_fp_trap_1              0x08000147   Thumb Code     0  libshutdown2.o(.ARM.Collect$$libshutdown$$00000006)
    __rt_lib_shutdown_heap_1                 0x08000147   Thumb Code     0  libshutdown2.o(.ARM.Collect$$libshutdown$$0000000E)
    __rt_lib_shutdown_return                 0x08000147   Thumb Code     0  libshutdown2.o(.ARM.Collect$$libshutdown$$0000000F)
    __rt_lib_shutdown_signal_1               0x08000147   Thumb Code     0  libshutdown2.o(.ARM.Collect$$libshutdown$$00000009)
    __rt_lib_shutdown_stdio_1                0x08000147   Thumb Code     0  libshutdown2.o(.ARM.Collect$$libshutdown$$00000003)
    __rt_lib_shutdown_user_alloc_1           0x08000147   Thumb Code     0  libshutdown2.o(.ARM.Collect$$libshutdown$$0000000B)
    __rt_entry                               0x08000149   Thumb Code     0  rtentry.o(.ARM.Collect$$rtentry$$00000000)
    __rt_entry_presh_1                       0x08000149   Thumb Code     0  rtentry2.o(.ARM.Collect$$rtentry$$00000002)
    __rt_entry_sh                            0x08000149   Thumb Code     0  rtentry4.o(.ARM.Collect$$rtentry$$00000004)
    __rt_entry_li                            0x0800014f   Thumb Code     0  rtentry2.o(.ARM.Collect$$rtentry$$0000000A)
    __rt_entry_postsh_1                      0x0800014f   Thumb Code     0  rtentry2.o(.ARM.Collect$$rtentry$$00000009)
    __rt_entry_main                          0x08000153   Thumb Code     0  rtentry2.o(.ARM.Collect$$rtentry$$0000000D)
    __rt_entry_postli_1                      0x08000153   Thumb Code     0  rtentry2.o(.ARM.Collect$$rtentry$$0000000C)
    __rt_exit                                0x0800015b   Thumb Code     0  rtexit.o(.ARM.Collect$$rtexit$$00000000)
    __rt_exit_ls                             0x0800015d   Thumb Code     0  rtexit2.o(.ARM.Collect$$rtexit$$00000003)
    __rt_exit_prels_1                        0x0800015d   Thumb Code     0  rtexit2.o(.ARM.Collect$$rtexit$$00000002)
    __rt_exit_exit                           0x08000161   Thumb Code     0  rtexit2.o(.ARM.Collect$$rtexit$$00000004)
    main                                     0x0800020d   Thumb Code    46  main.o(.text)
    autostart_start                          0x08000259   Thumb Code    30  autostart.o(.text)
    autostart_exit                           0x08000277   Thumb Code    28  autostart.o(.text)
    etimer_request_poll                      0x080002db   Thumb Code    10  etimer.o(.text)
    etimer_set                               0x08000409   Thumb Code    22  etimer.o(.text)
    etimer_reset                             0x0800041f   Thumb Code    18  etimer.o(.text)
    etimer_restart                           0x08000431   Thumb Code    18  etimer.o(.text)
    etimer_adjust                            0x08000443   Thumb Code    18  etimer.o(.text)
    etimer_expired                           0x08000455   Thumb Code    16  etimer.o(.text)
    etimer_expiration_time                   0x08000465   Thumb Code    10  etimer.o(.text)
    etimer_start_time                        0x0800046f   Thumb Code     6  etimer.o(.text)
    etimer_pending                           0x08000475   Thumb Code    16  etimer.o(.text)
    etimer_next_expiration_time              0x08000485   Thumb Code    20  etimer.o(.text)
    etimer_stop                              0x08000499   Thumb Code    66  etimer.o(.text)
    process_alloc_event                      0x080004ed   Thumb Code    16  process.o(.text)
    process_is_running                       0x080004fd   Thumb Code    16  process.o(.text)
    process_post_synch                       0x080005ed   Thumb Code    28  process.o(.text)
    process_start                            0x08000609   Thumb Code    60  process.o(.text)
    process_exit                             0x08000645   Thumb Code    16  process.o(.text)
    process_init                             0x08000655   Thumb Code    26  process.o(.text)
    process_run                              0x0800075f   Thumb Code    30  process.o(.text)
    process_nevents                          0x0800077d   Thumb Code    12  process.o(.text)
    process_post                             0x08000789   Thumb Code    98  process.o(.text)
    process_poll                             0x080007eb   Thumb Code    26  process.o(.text)
    timer_set                                0x08000835   Thumb Code    16  timer.o(.text)
    timer_reset                              0x08000845   Thumb Code    10  timer.o(.text)
    timer_restart                            0x0800084f   Thumb Code    12  timer.o(.text)
    timer_expired                            0x0800085b   Thumb Code    28  timer.o(.text)
    timer_remaining                          0x08000877   Thumb Code    18  timer.o(.text)
    SysTick_Handler                          0x08000889   Thumb Code    66  clock.o(.text)
    clock_init                               0x080008cb   Thumb Code    64  clock.o(.text)
    clock_time                               0x0800090b   Thumb Code     6  clock.o(.text)
    clock_seconds                            0x08000911   Thumb Code     6  clock.o(.text)
    NMI_Handler                              0x080009a5   Thumb Code     2  stm32f0xx_it.o(.text)
    HardFault_Handler                        0x080009a7   Thumb Code     4  stm32f0xx_it.o(.text)
    SVC_Handler                              0x080009ab   Thumb Code     2  stm32f0xx_it.o(.text)
    PendSV_Handler                           0x080009ad   Thumb Code     2  stm32f0xx_it.o(.text)
    USART1_IRQHandler                        0x080009af   Thumb Code     2  stm32f0xx_it.o(.text)
    EXTI4_15_IRQHandler                      0x080009b1   Thumb Code     2  stm32f0xx_it.o(.text)
    SystemInit                               0x08000a2d   Thumb Code   110  system_stm32f0xx.o(.text)
    SystemCoreClockUpdate                    0x08000a9b   Thumb Code   154  system_stm32f0xx.o(.text)
    Reset_Handler                            0x08000b55   Thumb Code     8  startup_stm32f030x8.o(.text)
    ADC1_COMP_IRQHandler                     0x08000b67   Thumb Code     0  startup_stm32f030x8.o(.text)
    CEC_IRQHandler                           0x08000b67   Thumb Code     0  startup_stm32f030x8.o(.text)
    DMA1_Channel1_IRQHandler                 0x08000b67   Thumb Code     0  startup_stm32f030x8.o(.text)
    DMA1_Channel2_3_IRQHandler               0x08000b67   Thumb Code     0  startup_stm32f030x8.o(.text)
    DMA1_Channel4_5_IRQHandler               0x08000b67   Thumb Code     0  startup_stm32f030x8.o(.text)
    EXTI0_1_IRQHandler                       0x08000b67   Thumb Code     0  startup_stm32f030x8.o(.text)
    EXTI2_3_IRQHandler                       0x08000b67   Thumb Code     0  startup_stm32f030x8.o(.text)
    FLASH_IRQHandler                         0x08000b67   Thumb Code     0  startup_stm32f030x8.o(.text)
    I2C1_IRQHandler                          0x08000b67   Thumb Code     0  startup_stm32f030x8.o(.text)
    I2C2_IRQHandler                          0x08000b67   Thumb Code     0  startup_stm32f030x8.o(.text)
    PVD_IRQHandler                           0x08000b67   Thumb Code     0  startup_stm32f030x8.o(.text)
    RCC_IRQHandler                           0x08000b67   Thumb Code     0  startup_stm32f030x8.o(.text)
    RTC_IRQHandler                           0x08000b67   Thumb Code     0  startup_stm32f030x8.o(.text)
    SPI1_IRQHandler                          0x08000b67   Thumb Code     0  startup_stm32f030x8.o(.text)
    SPI2_IRQHandler                          0x08000b67   Thumb Code     0  startup_stm32f030x8.o(.text)
    TIM14_IRQHandler                         0x08000b67   Thumb Code     0  startup_stm32f030x8.o(.text)
    TIM15_IRQHandler                         0x08000b67   Thumb Code     0  startup_stm32f030x8.o(.text)
    TIM16_IRQHandler                         0x08000b67   Thumb Code     0  startup_stm32f030x8.o(.text)
    TIM17_IRQHandler                         0x08000b67   Thumb Code     0  startup_stm32f030x8.o(.text)
    TIM1_BRK_UP_TRG_COM_IRQHandler           0x08000b67   Thumb Code     0  startup_stm32f030x8.o(.text)
    TIM1_CC_IRQHandler                       0x08000b67   Thumb Code     0  startup_stm32f030x8.o(.text)
    TIM2_IRQHandler                          0x08000b67   Thumb Code     0  startup_stm32f030x8.o(.text)
    TIM3_IRQHandler                          0x08000b67   Thumb Code     0  startup_stm32f030x8.o(.text)
    TIM6_DAC_IRQHandler                      0x08000b67   Thumb Code     0  startup_stm32f030x8.o(.text)
    TS_IRQHandler                            0x08000b67   Thumb Code     0  startup_stm32f030x8.o(.text)
    USART2_IRQHandler                        0x08000b67   Thumb Code     0  startup_stm32f030x8.o(.text)
    WWDG_IRQHandler                          0x08000b67   Thumb Code     0  startup_stm32f030x8.o(.text)
    __user_initial_stackheap                 0x08000b69   Thumb Code     0  startup_stm32f030x8.o(.text)
    __aeabi_uidiv                            0x08000b8d   Thumb Code     0  aeabi_sdiv.o(.text)
    __aeabi_uidivmod                         0x08000b8d   Thumb Code    20  aeabi_sdiv.o(.text)
    __aeabi_idiv                             0x08000ba1   Thumb Code     0  aeabi_sdiv.o(.text)
    __aeabi_idivmod                          0x08000ba1   Thumb Code   326  aeabi_sdiv.o(.text)
    __use_two_region_memory                  0x08000ce7   Thumb Code     2  heapauxi.o(.text)
    __rt_heap_escrow$2region                 0x08000ce9   Thumb Code     2  heapauxi.o(.text)
    __rt_heap_expand$2region                 0x08000ceb   Thumb Code     2  heapauxi.o(.text)
    __user_setup_stackheap                   0x08000ced   Thumb Code    62  sys_stackheap_outer.o(.text)
    exit                                     0x08000d2b   Thumb Code    12  exit.o(.text)
    __user_libspace                          0x08000d39   Thumb Code     8  libspace.o(.text)
    __user_perproc_libspace                  0x08000d39   Thumb Code     0  libspace.o(.text)
    __user_perthread_libspace                0x08000d39   Thumb Code     0  libspace.o(.text)
    _sys_exit                                0x08000d41   Thumb Code     8  sys_exit.o(.text)
    __I$use$semihosting                      0x08000d4d   Thumb Code     0  use_no_semi.o(.text)
    __use_no_semihosting_swi                 0x08000d4d   Thumb Code     2  use_no_semi.o(.text)
    autostart_processes                      0x08000d50   Data          12  main.o(.constdata)
    Region$$Table$$Base                      0x08000d78   Number         0  anon$$obj.o(Region$$Table)
    Region$$Table$$Limit                     0x08000d98   Number         0  anon$$obj.o(Region$$Table)
    idle_count                               0x20000000   Data           4  main.o(.data)
    led_on                                   0x20000004   Data          16  main.o(.data)
    led_off                                  0x20000014   Data          16  main.o(.data)
    etimer_process                           0x2000002c   Data          16  etimer.o(.data)
    process_list                             0x20000044   Data           4  process.o(.data)
    process_current                          0x20000048   Data           4  process.o(.data)
    SystemCoreClock                          0x20000070   Data           4  system_stm32f0xx.o(.data)
    AHBPrescTable                            0x20000074   Data          16  system_stm32f0xx.o(.data)
    __libspace_start                         0x20000224   Data          96  libspace.o(.bss)
    __temporary_stack_top$libspace           0x20000284   Data           0  libspace.o(.bss)



==============================================================================

Memory Map of the image

  Image Entry point : 0x080000c1

  Load Region LR_IROM1 (Base: 0x08000000, Size: 0x00000e1c, Max: 0x00010000, ABSOLUTE)

    Execution Region ER_IROM1 (Base: 0x08000000, Size: 0x00000d98, Max: 0x00010000, ABSOLUTE)

    Base Addr    Size         Type   Attr      Idx    E Section Name        Object

    0x08000000   0x000000c0   Data   RO          277    RESET               startup_stm32f030x8.o
    0x080000c0   0x00000008   Code   RO          442  * !!!main             c_p.l(__main.o)(c_p.l)
    0x080000c8   0x0000003c   Code   RO          611    !!!scatter          c_p.l(__scatter.o)(c_p.l)
    0x08000104   0x0000001a   Code   RO          613    !!handler_copy      c_p.l(__scatter_copy.o)(c_p.l)
    0x0800011e   0x00000002   PAD
    0x08000120   0x0000001c   Code   RO          615    !!handler_zi        c_p.l(__scatter_zi.o)(c_p.l)
    0x0800013c   0x00000006   Code   RO          485    .ARM.Collect$$libinit$$00000000  c_p.l(libinit.o)(c_p.l)
    0x08000142   0x00000000   Code   RO          500    .ARM.Collect$$libinit$$00000006  c_p.l(libinit2.o)(c_p.l)
    0x08000142   0x00000000   Code   RO          502    .ARM.Collect$$libinit$$00000008  c_p.l(libinit2.o)(c_p.l)
    0x08000142   0x00000000   Code   RO          504    .ARM.Collect$$libinit$$0000000A  c_p.l(libinit2.o)(c_p.l)
    0x08000142   0x00000000   Code   RO          507    .ARM.Collect$$libinit$$0000000D  c_p.l(libinit2.o)(c_p.l)
    0x08000142   0x00000000   Code   RO          509    .ARM.Collect$$libinit$$0000000F  c_p.l(libinit2.o)(c_p.l)
    0x08000142   0x00000000   Code   RO          511    .ARM.Collect$$libinit$$00000011  c_p.l(libinit2.o)(c_p.l)
    0x08000142   0x00000000   Code   RO          513    .ARM.Collect$$libinit$$00000013  c_p.l(libinit2.o)(c_p.l)
    0x08000142   0x00000000   Code   RO          515    .ARM.Collect$$libinit$$00000015  c_p.l(libinit2.o)(c_p.l)
    0x08000142   0x00000000   Code   RO          517    .ARM.Collect$$libinit$$00000017  c_p.l(libinit2.o)(c_p.l)
    0x08000142   0x00000000   Code   RO          519    .ARM.Collect$$libinit$$00000019  c_p.l(libinit2.o)(c_p.l)
    0x08000142   0x00000000   Code   RO          521    .ARM.Collect$$libinit$$0000001B  c_p.l(libinit2.o)(c_p.l)
    0x08000142   0x00000000   Code   RO          523    .ARM.Collect$$libinit$$0000001D  c_p.l(libinit2.o)(c_p.l)
    0x08000142   0x00000000   Code   RO          525    .ARM.Collect$$libinit$$0000001F  c_p.l(libinit2.o)(c_p.l)
    0x08000142   0x00000000   Code   RO          527    .ARM.Collect$$libinit$$00000021  c_p.l(libinit2.o)(c_p.l)
    0x08000142   0x00000000   Code   RO          531    .ARM.Collect$$libinit$$00000028  c_p.l(libinit2.o)(c_p.l)
    0x08000142   0x00000000   Code   RO          533    .ARM.Collect$$libinit$$0000002A  c_p.l(libinit2.o)(c_p.l)
    0x08000142   0x00000000   Code   RO          535    .ARM.Collect$$libinit$$0000002C  c_p.l(libinit2.o)(c_p.l)
    0x08000142   0x00000000   Code   RO          537    .ARM.Collect$$libinit$$0000002E  c_p.l(libinit2.o)(c_p.l)
    0x08000142   0x00000002   Code   RO          538    .ARM.Collect$$libinit$$0000002F  c_p.l(libinit2.o)(c_p.l)
    0x08000144   0x00000002   Code   RO          569    .ARM.Collect$$libshutdown$$00000000  c_p.l(libshutdown.o)(c_p.l)
    0x08000146   0x00000000   Code   RO          596    .ARM.Collect$$libshutdown$$00000003  c_p.l(libshutdown2.o)(c_p.l)
    0x08000146   0x00000000   Code   RO          599    .ARM.Collect$$libshutdown$$00000006  c_p.l(libshutdown2.o)(c_p.l)
    0x08000146   0x00000000   Code   RO          602    .ARM.Collect$$libshutdown$$00000009  c_p.l(libshutdown2.o)(c_p.l)
    0x08000146   0x00000000   Code   RO          604    .ARM.Collect$$libshutdown$$0000000B  c_p.l(libshutdown2.o)(c_p.l)
    0x08000146   0x00000000   Code   RO          607    .ARM.Collect$$libshutdown$$0000000E  c_p.l(libshutdown2.o)(c_p.l)
    0x08000146   0x00000002   Code   RO          608    .ARM.Collect$$libshutdown$$0000000F  c_p.l(libshutdown2.o)(c_p.l)
    0x08000148   0x00000000   Code   RO          444    .ARM.Collect$$rtentry$$00000000  c_p.l(rtentry.o)(c_p.l)
    0x08000148   0x00000000   Code   RO          451    .ARM.Collect$$rtentry$$00000002  c_p.l(rtentry2.o)(c_p.l)
    0x08000148   0x00000006   Code   RO          466    .ARM.Collect$$rtentry$$00000004  c_p.l(rtentry4.o)(c_p.l)
    0x0800014e   0x00000000   Code   RO          453    .ARM.Collect$$rtentry$$00000009  c_p.l(rtentry2.o)(c_p.l)
    0x0800014e   0x00000004   Code   RO          454    .ARM.Collect$$rtentry$$0000000A  c_p.l(rtentry2.o)(c_p.l)
    0x08000152   0x00000000   Code   RO          456    .ARM.Collect$$rtentry$$0000000C  c_p.l(rtentry2.o)(c_p.l)
    0x08000152   0x00000008   Code   RO          457    .ARM.Collect$$rtentry$$0000000D  c_p.l(rtentry2.o)(c_p.l)
    0x0800015a   0x00000002   Code   RO          490    .ARM.Collect$$rtexit$$00000000  c_p.l(rtexit.o)(c_p.l)
    0x0800015c   0x00000000   Code   RO          544    .ARM.Collect$$rtexit$$00000002  c_p.l(rtexit2.o)(c_p.l)
    0x0800015c   0x00000004   Code   RO          545    .ARM.Collect$$rtexit$$00000003  c_p.l(rtexit2.o)(c_p.l)
    0x08000160   0x00000006   Code   RO          546    .ARM.Collect$$rtexit$$00000004  c_p.l(rtexit2.o)(c_p.l)
    0x08000166   0x00000002   PAD
    0x08000168   0x000000f0   Code   RO            1    .text               main.o
    0x08000258   0x0000003a   Code   RO           65    .text               autostart.o
    0x08000292   0x00000002   PAD
    0x08000294   0x00000258   Code   RO           81    .text               etimer.o
    0x080004ec   0x00000348   Code   RO          100    .text               process.o
    0x08000834   0x00000054   Code   RO          129    .text               timer.o
    0x08000888   0x0000011c   Code   RO          141    .text               clock.o
    0x080009a4   0x0000000e   Code   RO          239    .text               stm32f0xx_it.o
    0x080009b2   0x00000002   PAD
    0x080009b4   0x000001a0   Code   RO          257    .text               system_stm32f0xx.o
    0x08000b54   0x00000038   Code   RO          278    .text               startup_stm32f030x8.o
    0x08000b8c   0x0000015a   Code   RO          436    .text               c_p.l(aeabi_sdiv.o)(c_p.l)
    0x08000ce6   0x00000006   Code   RO          440    .text               c_p.l(heapauxi.o)(c_p.l)
    0x08000cec   0x0000003e   Code   RO          470    .text               c_p.l(sys_stackheap_outer.o)(c_p.l)
    0x08000d2a   0x0000000c   Code   RO          473    .text               c_p.l(exit.o)(c_p.l)
    0x08000d36   0x00000002   PAD
    0x08000d38   0x00000008   Code   RO          486    .text               c_p.l(libspace.o)(c_p.l)
    0x08000d40   0x0000000c   Code   RO          541    .text               c_p.l(sys_exit.o)(c_p.l)
    0x08000d4c   0x00000002   Code   RO          559    .text               c_p.l(use_no_semi.o)(c_p.l)
    0x08000d4e   0x00000002   PAD
    0x08000d50   0x0000000c   Data   RO            3    .constdata          main.o
    0x08000d5c   0x0000000f   Data   RO            4    .conststring        main.o
    0x08000d6b   0x0000000c   Data   RO           82    .conststring        etimer.o
    0x08000d77   0x00000001   PAD
    0x08000d78   0x00000020   Data   RO          609    Region$$Table       anon$$obj.o


    Execution Region RW_IRAM1 (Base: 0x20000000, Size: 0x00000888, Max: 0x00002000, ABSOLUTE)

    Base Addr    Size         Type   Attr      Idx    E Section Name        Object

    0x20000000   0x0000002c   Data   RW            5    .data               main.o
    0x2000002c   0x00000018   Data   RW           83    .data               etimer.o
    0x20000044   0x0000001d   Data   RW          102    .data               process.o
    0x20000061   0x00000003   PAD
    0x20000064   0x0000000c   Data   RW          142    .data               clock.o
    0x20000070   0x00000014   Data   RW          258    .data               system_stm32f0xx.o
    0x20000084   0x00000020   Zero   RW            2    .bss                main.o
    0x200000a4   0x00000180   Zero   RW          101    .bss                process.o
    0x20000224   0x00000060   Zero   RW          487    .bss                c_p.l(libspace.o)(c_p.l)
    0x20000284   0x00000004   PAD
    0x20000288   0x00000200   Zero   RW          276    HEAP                startup_stm32f030x8.o
    0x20000488   0x00000400   Zero   RW          275    STACK               startup_stm32f030x8.o


==============================================================================

Image component sizes


      Code (inc. data)   RO Data    RW Data    ZI Data      Debug   Object Name

        58          0          0          0          0          0   autostart.o
       284         32          0         12          0          0   clock.o
         0          0          0          0          0          0   core_cm3.o
       600         18         12         24          0          0   etimer.o
       240         30         27         44         32          0   main.o
       840         48          0         29        384          0   process.o
        56         26        192          0       1536          0   startup_stm32f030x8.o
        14          0          0          0          0          0   stm32f0xx_it.o
       416         32          0         20          0          0   system_stm32f0xx.o
        84          0          0          0          0          0   timer.o

    ----------------------------------------------------------------------
      2596        186        264        132       1952          0   Object Totals
         0          0         32          0          0          0   (incl. Generated)
         4          0          1          3          0          2   (incl. Padding)

    ----------------------------------------------------------------------

      Code (inc. data)   RO Data    RW Data    ZI Data      Debug   Library Member Name

         8          0          0          0          0          0   __main.o
        60          8          0          0          0          0   __scatter.o
        26          0          0          0          0          0   __scatter_copy.o
        28          0          0          0          0          0   __scatter_zi.o
       346          0          0          0          0          0   aeabi_sdiv.o
        12          0          0          0          0          0   exit.o
         6          0          0          0          0          0   heapauxi.o
         6          0          0          0          0          0   libinit.o
         2          0          0          0          0          0   libinit2.o
         2          0          0          0          0          0   libshutdown.o
         2          0          0          0          0          0   libshutdown2.o
         8          4          0          0         96          0   libspace.o
         0          0          0          0          0          0   rtentry.o
        12          0          0          0          0          0   rtentry2.o
         6          0          0          0          0          0   rtentry4.o
         2          0          0          0          0          0   rtexit.o
        10          0          0          0          0          0   rtexit2.o
        12          4          0          0          0          0   sys_exit.o
        62          0          0          0          0          0   sys_stackheap_outer.o
         2          0          0          0          0          0   use_no_semi.o

    ----------------------------------------------------------------------
       620         16          0          0        100          0   Library Totals
         8          0          0          0          4          0   (incl. Padding)

    ----------------------------------------------------------------------

      Code (inc. data)   RO Data    RW Data    ZI Data      Debug   Library Name

       612         16          0          0         96        632   c_p.l

    ----------------------------------------------------------------------
       620         16          0          0        100          0   Library Totals

    ----------------------------------------------------------------------

==============================================================================


      Code (inc. data)   RO Data    RW Data    ZI Data      Debug   

      3216        202        264        132       2052     121196   Grand Totals
      3216        202        264        132       2052     121196   ELF Image Totals
      3216        202        264        132          0          0   ROM Totals

==============================================================================

    Total RO  Size (Code + RO Data)                 3480 (   3.40kB)
    Total RW  Size (RW Data + ZI Data)              2184 (   2.13kB)
    Total ROM Size (Code + RO Data + RW Data)       3612 (   3.53kB)

==============================================================================

